---
source: talpid-types/src/net/proxy.rs
expression: "ShadowsocksCipher::list()"
---
[
    "plain",
    "none",
    "table",
    "rc4-md5",
    "aes-128-ctr",
    "aes-192-ctr",
    "aes-256-ctr",
    "aes-128-cfb",
    "aes-128-cfb1",
    "aes-128-cfb8",
    "aes-128-cfb128",
    "aes-192-cfb",
    "aes-192-cfb1",
    "aes-192-cfb8",
    "aes-192-cfb128",
    "aes-256-cfb",
    "aes-256-cfb1",
    "aes-256-cfb8",
    "aes-256-cfb128",
    "aes-128-ofb",
    "aes-192-ofb",
    "aes-256-ofb",
    "camellia-128-ctr",
    "camellia-192-ctr",
    "camellia-256-ctr",
    "camellia-128-cfb",
    "camellia-128-cfb1",
    "camellia-128-cfb8",
    "camellia-128-cfb128",
    "camellia-192-cfb",
    "camellia-192-cfb1",
    "camellia-192-cfb8",
    "camellia-192-cfb128",
    "camellia-256-cfb",
    "camellia-256-cfb1",
    "camellia-256-cfb8",
    "camellia-256-cfb128",
    "camellia-128-ofb",
    "camellia-192-ofb",
    "camellia-256-ofb",
    "rc4",
    "chacha20-ietf",
    "aes-128-gcm",
    "aes-256-gcm",
    "chacha20-ietf-poly1305",
]
