---
source: mullvad-daemon/src/migrations/v12.rs
expression: "serde_json::to_string_pretty(&old_settings).unwrap()"
---
{
  "relay_settings": {
    "normal": {
      "ownership": {
        "only": "MullvadOwned"
      },
      "providers": {
        "only": {
          "providers": [
            "Blix",
            "Creanova"
          ]
        }
      },
      "wireguard_constraints": {
        "entry_ownership": {
          "only": "MullvadOwned"
        },
        "entry_providers": {
          "only": {
            "providers": [
              "Blix",
              "Creanova"
            ]
          }
        }
      }
    }
  }
}
