---
source: mullvad-daemon/src/migrations/v13.rs
expression: "serde_json::to_string_pretty(&old_settings).unwrap()"
---
{
  "obfuscation_settings": {
    "port": {
      "port": "any"
    },
    "selected_obfuscation": "port"
  },
  "relay_settings": {
    "normal": {
      "wireguard_constraints": {}
    }
  }
}
