---
source: mullvad-daemon/src/migrations/v13.rs
expression: "&migrate_fn(json!({\n    \"tunnel_options\": { \"wireguard\": { \"quantum_resistant\": \"on\" } },\n    \"settings_version\": 13\n})).unwrap()"
---
{
  "settings_version": 14,
  "tunnel_options": {
    "wireguard": {
      "quantum_resistant": "on"
    }
  }
}
