---
source: mullvad-relay-selector/tests/relay_selector.rs
expression: "snapshot(Predicate::Exit(MultihopConstraints::default()))"
---
al-tia-wg-003: Match
al-tia-wg-004: Match
ar-bue-wg-001: Match
ar-bue-wg-002: Match
at-vie-wg-001: Match
at-vie-wg-002: Match
at-vie-wg-003: Match
at-vie-wg-101: Match
at-vie-wg-102: Match
au-adl-wg-301: Match
au-adl-wg-302: Match
au-adl-wg-303: Match
au-bne-wg-301: Match
au-bne-wg-302: Match
au-bne-wg-303: Match
au-mel-wg-302: Discarded(Inactive)
au-mel-wg-401: Match
au-mel-wg-402: Match
au-mel-wg-403: Match
au-per-wg-301: Match
au-per-wg-302: Match
au-syd-wg-001: Match
au-syd-wg-002: Match
au-syd-wg-003: Match
au-syd-wg-101: Match
au-syd-wg-102: Match
au-syd-wg-103: Match
au-syd-wg-104: Match
au-syd-wg-301: Match
au-syd-wg-302: Match
au-syd-wg-303: Match
au-syd-wg-304: Match
be-bru-wg-101: Match
be-bru-wg-102: Match
be-bru-wg-103: Match
bg-sof-wg-001: Match
bg-sof-wg-002: Match
br-for-wg-001: Match
br-for-wg-002: Match
br-sao-wg-201: Match
br-sao-wg-202: Match
br-sao-wg-302: Match
br-sao-wg-303: Match
br-sao-wg-304: Match
ca-mtr-wg-001: Match
ca-mtr-wg-002: Match
ca-mtr-wg-003: Match
ca-mtr-wg-004: Match
ca-mtr-wg-201: Match
ca-mtr-wg-202: Match
ca-mtr-wg-301: Match
ca-mtr-wg-302: Match
ca-mtr-wg-303: Match
ca-mtr-wg-304: Match
ca-mtr-wg-305: Match
ca-mtr-wg-306: Match
ca-mtr-wg-307: Match
ca-mtr-wg-308: Match
ca-tor-wg-001: Match
ca-tor-wg-002: Match
ca-tor-wg-201: Match
ca-tor-wg-202: Discarded(Inactive)
ca-tor-wg-203: Discarded(Inactive)
ca-tor-wg-204: Discarded(Inactive)
ca-tor-wg-205: Discarded(Inactive)
ca-tor-wg-206: Discarded(Inactive)
ca-tor-wg-207: Match
ca-van-wg-201: Match
ca-van-wg-202: Match
ca-van-wg-301: Match
ca-van-wg-302: Match
ca-yyc-wg-201: Match
ca-yyc-wg-202: Match
ch-zrh-wg-001: Match
ch-zrh-wg-002: Match
ch-zrh-wg-003: Match
ch-zrh-wg-004: Match
ch-zrh-wg-005: Match
ch-zrh-wg-006: Match
ch-zrh-wg-201: Match
ch-zrh-wg-202: Match
ch-zrh-wg-401: Match
ch-zrh-wg-402: Match
ch-zrh-wg-403: Match
ch-zrh-wg-404: Match
ch-zrh-wg-501: Match
ch-zrh-wg-502: Match
ch-zrh-wg-503: Match
ch-zrh-wg-504: Match
ch-zrh-wg-505: Match
ch-zrh-wg-506: Match
ch-zrh-wg-507: Match
cl-scl-wg-001: Match
cl-scl-wg-002: Match
co-bog-wg-001: Match
co-bog-wg-002: Match
cy-nic-wg-001: Match
cy-nic-wg-002: Match
cz-prg-wg-101: Match
cz-prg-wg-102: Match
cz-prg-wg-201: Match
cz-prg-wg-202: Match
de-ber-wg-001: Match
de-ber-wg-002: Match
de-ber-wg-003: Match
de-ber-wg-004: Match
de-ber-wg-005: Match
de-ber-wg-006: Match
de-ber-wg-007: Match
de-ber-wg-008: Match
de-dus-wg-001: Match
de-dus-wg-002: Match
de-dus-wg-003: Match
de-fra-wg-001: Match
de-fra-wg-002: Match
de-fra-wg-003: Match
de-fra-wg-004: Match
de-fra-wg-005: Match
de-fra-wg-006: Match
de-fra-wg-007: Match
de-fra-wg-008: Match
de-fra-wg-009: Match
de-fra-wg-101: Match
de-fra-wg-102: Match
de-fra-wg-103: Match
de-fra-wg-104: Match
de-fra-wg-301: Match
de-fra-wg-302: Match
de-fra-wg-303: Match
de-fra-wg-304: Discarded(Inactive)
de-fra-wg-401: Match
de-fra-wg-402: Match
de-fra-wg-403: Match
dk-cph-wg-001: Match
dk-cph-wg-002: Match
dk-cph-wg-101: Match
dk-cph-wg-102: Match
dk-cph-wg-103: Match
dk-cph-wg-401: Match
dk-cph-wg-402: Match
ee-tll-wg-001: Match
ee-tll-wg-002: Match
ee-tll-wg-003: Match
es-bcn-wg-001: Match
es-bcn-wg-002: Match
es-bcn-wg-101: Match
es-bcn-wg-102: Match
es-mad-wg-101: Match
es-mad-wg-102: Match
es-mad-wg-201: Match
es-mad-wg-202: Match
es-vlc-wg-001: Match
es-vlc-wg-002: Match
fi-hel-wg-001: Match
fi-hel-wg-002: Match
fi-hel-wg-003: Match
fi-hel-wg-101: Match
fi-hel-wg-102: Match
fi-hel-wg-103: Match
fi-hel-wg-104: Match
fi-hel-wg-201: Match
fi-hel-wg-202: Match
fi-hel-wg-203: Match
fr-bod-wg-001: Match
fr-bod-wg-002: Match
fr-mrs-wg-001: Match
fr-mrs-wg-002: Match
fr-par-wg-001: Match
fr-par-wg-002: Match
fr-par-wg-003: Match
fr-par-wg-004: Match
fr-par-wg-005: Match
fr-par-wg-006: Match
fr-par-wg-007: Match
fr-par-wg-101: Match
fr-par-wg-102: Match
fr-par-wg-301: Match
fr-par-wg-302: Match
gb-glw-wg-001: Discarded(IncludeInCountry)
gb-glw-wg-002: Discarded(IncludeInCountry)
gb-lon-wg-001: Match
gb-lon-wg-002: Match
gb-lon-wg-003: Match
gb-lon-wg-004: Match
gb-lon-wg-005: Match
gb-lon-wg-006: Match
gb-lon-wg-007: Match
gb-lon-wg-008: Match
gb-lon-wg-201: Match
gb-lon-wg-202: Match
gb-lon-wg-203: Match
gb-lon-wg-204: Match
gb-lon-wg-301: Match
gb-lon-wg-302: Match
gb-lon-wg-304: Match
gb-mnc-wg-001: Discarded(IncludeInCountry)
gb-mnc-wg-002: Discarded(IncludeInCountry)
gb-mnc-wg-003: Discarded(IncludeInCountry)
gb-mnc-wg-004: Discarded(IncludeInCountry)
gb-mnc-wg-005: Discarded(IncludeInCountry)
gb-mnc-wg-006: Discarded(IncludeInCountry)
gb-mnc-wg-007: Discarded(IncludeInCountry)
gb-mnc-wg-008: Match
gb-mnc-wg-009: Match
gb-mnc-wg-201: Discarded(IncludeInCountry)
gb-mnc-wg-202: Discarded(IncludeInCountry)
gr-ath-wg-101: Match
gr-ath-wg-102: Match
hk-hkg-wg-201: Match
hk-hkg-wg-202: Discarded(Inactive)
hk-hkg-wg-301: Match
hk-hkg-wg-302: Match
hk-hkg-wg-303: Match
hr-zag-wg-001: Match
hr-zag-wg-002: Match
hu-bud-wg-101: Match
hu-bud-wg-102: Match
hu-bud-wg-201: Match
hu-bud-wg-202: Match
id-jpu-wg-001: Match
id-jpu-wg-002: Match
ie-dub-wg-101: Match
ie-dub-wg-102: Match
ie-dub-wg-103: Match
il-tlv-wg-101: Match
il-tlv-wg-102: Match
il-tlv-wg-103: Match
it-mil-wg-001: Match
it-mil-wg-002: Match
it-mil-wg-003: Match
it-mil-wg-201: Match
it-mil-wg-202: Match
it-pmo-wg-001: Match
it-pmo-wg-002: Match
jp-osa-wg-001: Match
jp-osa-wg-002: Match
jp-osa-wg-003: Match
jp-osa-wg-004: Match
jp-tyo-wg-001: Match
jp-tyo-wg-002: Match
jp-tyo-wg-201: Match
jp-tyo-wg-202: Match
jp-tyo-wg-203: Match
mx-qro-wg-001: Match
mx-qro-wg-002: Match
mx-qro-wg-003: Match
mx-qro-wg-004: Match
my-kul-wg-001: Match
my-kul-wg-002: Match
ng-los-wg-001: Match
ng-los-wg-002: Match
nl-ams-wg-001: Match
nl-ams-wg-002: Match
nl-ams-wg-003: Match
nl-ams-wg-004: Match
nl-ams-wg-005: Match
nl-ams-wg-006: Match
nl-ams-wg-007: Match
nl-ams-wg-008: Match
nl-ams-wg-101: Match
nl-ams-wg-102: Match
nl-ams-wg-103: Match
nl-ams-wg-201: Match
nl-ams-wg-202: Match
nl-ams-wg-203: Match
no-osl-wg-001: Match
no-osl-wg-002: Match
no-osl-wg-003: Match
no-osl-wg-101: Match
no-osl-wg-102: Match
no-osl-wg-103: Match
no-svg-wg-001: Match
no-svg-wg-002: Match
no-svg-wg-003: Match
no-svg-wg-004: Match
nz-akl-wg-301: Match
nz-akl-wg-302: Match
nz-akl-wg-303: Match
pe-lim-wg-001: Match
pe-lim-wg-002: Match
ph-mnl-wg-001: Match
ph-mnl-wg-002: Match
pl-waw-wg-101: Match
pl-waw-wg-102: Match
pl-waw-wg-103: Match
pl-waw-wg-201: Match
pl-waw-wg-202: Match
pt-lis-wg-201: Match
pt-lis-wg-202: Match
pt-lis-wg-301: Match
pt-lis-wg-302: Match
ro-buh-wg-001: Match
ro-buh-wg-002: Match
rs-beg-wg-101: Match
rs-beg-wg-102: Match
se-got-wg-001: Match
se-got-wg-002: Match
se-got-wg-003: Match
se-got-wg-004: Match
se-got-wg-005: Match
se-got-wg-006: Match
se-got-wg-007: Match
se-got-wg-008: Match
se-got-wg-101: Match
se-mma-wg-001: Match
se-mma-wg-002: Match
se-mma-wg-003: Match
se-mma-wg-004: Discarded(IncludeInCountry)
se-mma-wg-005: Match
se-mma-wg-011: Match
se-mma-wg-012: Match
se-mma-wg-101: Discarded(Inactive)
se-mma-wg-102: Match
se-mma-wg-103: Match
se-mma-wg-111: Match
se-mma-wg-112: Match
se-sto-wg-001: Match
se-sto-wg-002: Match
se-sto-wg-003: Match
se-sto-wg-007: Match
se-sto-wg-008: Match
se-sto-wg-009: Discarded(IncludeInCountry)
se-sto-wg-010: Match
se-sto-wg-011: Match
se-sto-wg-012: Match
se-sto-wg-013: Match
se-sto-wg-201: Match
se-sto-wg-202: Match
se-sto-wg-203: Match
se-sto-wg-204: Match
se-sto-wg-205: Match
se-sto-wg-206: Match
se-sto-wg-207: Match
se-sto-wg-208: Match
se-sto-wg-209: Match
sg-sin-wg-001: Match
sg-sin-wg-002: Match
sg-sin-wg-003: Match
sg-sin-wg-101: Match
sg-sin-wg-102: Match
si-lju-wg-001: Match
si-lju-wg-002: Match
sk-bts-wg-001: Match
sk-bts-wg-002: Match
th-bkk-wg-001: Match
th-bkk-wg-002: Match
tr-ist-wg-001: Match
tr-ist-wg-002: Match
ua-iev-wg-001: Match
ua-iev-wg-002: Match
us-atl-wg-001: Discarded(IncludeInCountry)
us-atl-wg-002: Discarded(IncludeInCountry)
us-atl-wg-301: Match
us-atl-wg-302: Match
us-atl-wg-303: Match
us-atl-wg-304: Match
us-atl-wg-305: Match
us-atl-wg-306: Match
us-atl-wg-401: Match
us-atl-wg-402: Match
us-atl-wg-403: Match
us-atl-wg-404: Match
us-atl-wg-405: Match
us-atl-wg-406: Match
us-atl-wg-407: Match
us-atl-wg-408: Match
us-bos-wg-001: Match
us-bos-wg-002: Discarded(Inactive)
us-bos-wg-101: Match
us-bos-wg-102: Match
us-chi-wg-201: Match
us-chi-wg-202: Discarded(Inactive)
us-chi-wg-203: Match
us-chi-wg-301: Match
us-chi-wg-302: Match
us-chi-wg-303: Match
us-chi-wg-304: Match
us-chi-wg-305: Match
us-chi-wg-306: Match
us-chi-wg-307: Match
us-chi-wg-308: Match
us-chi-wg-309: Match
us-chi-wg-310: Match
us-chi-wg-311: Match
us-chi-wg-312: Match
us-chi-wg-313: Match
us-chi-wg-314: Match
us-chi-wg-315: Match
us-chi-wg-316: Match
us-dal-wg-001: Match
us-dal-wg-002: Match
us-dal-wg-003: Match
us-dal-wg-401: Match
us-dal-wg-402: Match
us-dal-wg-403: Match
us-dal-wg-502: Discarded(IncludeInCountry)
us-dal-wg-503: Discarded(IncludeInCountry)
us-dal-wg-504: Discarded(IncludeInCountry)
us-dal-wg-505: Discarded(IncludeInCountry)
us-dal-wg-506: Discarded(Inactive IncludeInCountry)
us-dal-wg-507: Discarded(IncludeInCountry)
us-dal-wg-601: Match
us-dal-wg-602: Match
us-dal-wg-603: Match
us-dal-wg-604: Match
us-dal-wg-701: Match
us-dal-wg-702: Match
us-dal-wg-703: Match
us-dal-wg-704: Match
us-dal-wg-705: Match
us-dal-wg-706: Match
us-dal-wg-707: Match
us-dal-wg-708: Match
us-den-wg-101: Match
us-den-wg-102: Match
us-den-wg-103: Match
us-den-wg-201: Match
us-den-wg-202: Match
us-den-wg-203: Match
us-den-wg-204: Match
us-den-wg-205: Match
us-den-wg-206: Match
us-den-wg-207: Match
us-den-wg-208: Match
us-det-wg-001: Discarded(Inactive)
us-det-wg-002: Discarded(Inactive)
us-hou-wg-001: Match
us-hou-wg-002: Match
us-hou-wg-003: Match
us-hou-wg-004: Match
us-lax-wg-001: Match
us-lax-wg-002: Match
us-lax-wg-003: Match
us-lax-wg-004: Discarded(Inactive)
us-lax-wg-005: Discarded(Inactive)
us-lax-wg-006: Discarded(Inactive)
us-lax-wg-007: Discarded(Inactive)
us-lax-wg-008: Match
us-lax-wg-101: Discarded(Inactive IncludeInCountry)
us-lax-wg-102: Discarded(Inactive IncludeInCountry)
us-lax-wg-103: Discarded(Inactive IncludeInCountry)
us-lax-wg-201: Discarded(IncludeInCountry)
us-lax-wg-202: Discarded(IncludeInCountry)
us-lax-wg-203: Match
us-lax-wg-402: Discarded(IncludeInCountry)
us-lax-wg-403: Discarded(IncludeInCountry)
us-lax-wg-404: Discarded(IncludeInCountry)
us-lax-wg-405: Discarded(IncludeInCountry)
us-lax-wg-406: Discarded(IncludeInCountry)
us-lax-wg-407: Match
us-lax-wg-408: Match
us-lax-wg-409: Match
us-lax-wg-601: Match
us-lax-wg-602: Match
us-lax-wg-603: Match
us-lax-wg-604: Match
us-lax-wg-605: Match
us-lax-wg-606: Match
us-lax-wg-607: Match
us-lax-wg-608: Match
us-lax-wg-701: Match
us-lax-wg-702: Match
us-lax-wg-703: Match
us-lax-wg-704: Match
us-mia-wg-001: Match
us-mia-wg-002: Match
us-mia-wg-003: Match
us-mia-wg-101: Match
us-mia-wg-102: Match
us-mia-wg-103: Match
us-mkc-wg-001: Match
us-mkc-wg-002: Match
us-mkc-wg-003: Match
us-mkc-wg-004: Match
us-mkc-wg-005: Match
us-mkc-wg-006: Match
us-mkc-wg-007: Match
us-mkc-wg-008: Match
us-mkc-wg-101: Match
us-mkc-wg-102: Match
us-mkc-wg-103: Match
us-mkc-wg-104: Match
us-mkc-wg-105: Match
us-nyc-wg-301: Match
us-nyc-wg-302: Match
us-nyc-wg-303: Match
us-nyc-wg-501: Match
us-nyc-wg-502: Match
us-nyc-wg-503: Discarded(Inactive)
us-nyc-wg-504: Match
us-nyc-wg-505: Match
us-nyc-wg-506: Match
us-nyc-wg-601: Match
us-nyc-wg-602: Match
us-nyc-wg-603: Match
us-nyc-wg-604: Match
us-nyc-wg-605: Match
us-nyc-wg-606: Match
us-nyc-wg-701: Match
us-nyc-wg-702: Match
us-nyc-wg-703: Match
us-nyc-wg-801: Discarded(Inactive)
us-nyc-wg-802: Discarded(Inactive)
us-nyc-wg-803: Discarded(Inactive)
us-nyc-wg-804: Discarded(Inactive)
us-nyc-wg-805: Match
us-nyc-wg-806: Match
us-nyc-wg-807: Match
us-nyc-wg-808: Match
us-phx-wg-201: Match
us-phx-wg-202: Match
us-phx-wg-203: Match
us-phx-wg-204: Match
us-phx-wg-205: Match
us-phx-wg-206: Match
us-phx-wg-207: Match
us-phx-wg-208: Match
us-qas-wg-001: Discarded(Inactive)
us-qas-wg-002: Discarded(Inactive IncludeInCountry)
us-qas-wg-003: Discarded(Inactive IncludeInCountry)
us-qas-wg-004: Discarded(Inactive IncludeInCountry)
us-qas-wg-101: Match
us-qas-wg-102: Match
us-qas-wg-103: Match
us-qas-wg-201: Match
us-qas-wg-202: Discarded(Inactive)
us-qas-wg-203: Match
us-qas-wg-204: Match
us-qas-wg-301: Match
us-qas-wg-302: Match
us-qas-wg-303: Match
us-qas-wg-304: Match
us-qas-wg-305: Match
us-qas-wg-306: Match
us-qas-wg-307: Match
us-qas-wg-308: Match
us-rag-wg-201: Match
us-rag-wg-202: Match
us-rag-wg-203: Match
us-rag-wg-204: Match
us-rag-wg-205: Match
us-rag-wg-206: Match
us-rag-wg-207: Match
us-rag-wg-208: Match
us-sea-wg-001: Match
us-sea-wg-002: Match
us-sea-wg-003: Match
us-sea-wg-401: Match
us-sea-wg-402: Match
us-sea-wg-403: Match
us-sea-wg-404: Match
us-sea-wg-405: Match
us-sea-wg-406: Match
us-sea-wg-407: Match
us-sea-wg-408: Match
us-sjc-wg-302: Match
us-sjc-wg-303: Match
us-sjc-wg-401: Match
us-sjc-wg-402: Match
us-sjc-wg-501: Match
us-sjc-wg-502: Match
us-sjc-wg-503: Match
us-sjc-wg-504: Match
us-sjc-wg-505: Match
us-sjc-wg-506: Match
us-sjc-wg-507: Match
us-sjc-wg-508: Match
us-slc-wg-201: Match
us-slc-wg-202: Match
us-slc-wg-203: Match
us-slc-wg-204: Match
us-slc-wg-301: Match
us-slc-wg-302: Match
us-slc-wg-303: Match
us-slc-wg-304: Match
us-slc-wg-305: Match
us-slc-wg-306: Match
us-slc-wg-307: Match
us-slc-wg-308: Match
us-txc-wg-001: Match
us-txc-wg-002: Match
us-uyk-wg-201: Match
us-uyk-wg-202: Match
us-was-wg-001: Match
us-was-wg-002: Match
za-jnb-wg-001: Match
za-jnb-wg-002: Match
