---
source: mullvad-relay-selector/tests/relay_selector.rs
expression: "snapshot(Predicate::Singlehop(EntryConstraints::default().daita(true)))"
---
al-tia-wg-003: Discarded(Daita)
al-tia-wg-004: Discarded(Daita)
ar-bue-wg-001: Discarded(Daita)
ar-bue-wg-002: Discarded(Daita)
at-vie-wg-001: Discarded(Daita)
at-vie-wg-002: Discarded(Daita)
at-vie-wg-003: Discarded(Daita)
at-vie-wg-101: Discarded(Daita)
at-vie-wg-102: Discarded(Daita)
au-adl-wg-301: Discarded(Daita)
au-adl-wg-302: Discarded(Daita)
au-adl-wg-303: Discarded(Daita)
au-bne-wg-301: Discarded(Daita)
au-bne-wg-302: Discarded(Daita)
au-bne-wg-303: Discarded(Daita)
au-mel-wg-302: Discarded(Daita Inactive)
au-mel-wg-401: Discarded(Daita)
au-mel-wg-402: Discarded(Daita)
au-mel-wg-403: Discarded(Daita)
au-per-wg-301: Discarded(Daita)
au-per-wg-302: Discarded(Daita)
au-syd-wg-001: Discarded(Daita)
au-syd-wg-002: Discarded(Daita)
au-syd-wg-003: Discarded(Daita)
au-syd-wg-101: Discarded(Daita)
au-syd-wg-102: Discarded(Daita)
au-syd-wg-103: Discarded(Daita)
au-syd-wg-104: Discarded(Daita)
au-syd-wg-301: Discarded(Daita)
au-syd-wg-302: Discarded(Daita)
au-syd-wg-303: Discarded(Daita)
au-syd-wg-304: Discarded(Daita)
be-bru-wg-101: Discarded(Daita)
be-bru-wg-102: Discarded(Daita)
be-bru-wg-103: Discarded(Daita)
bg-sof-wg-001: Discarded(Daita)
bg-sof-wg-002: Discarded(Daita)
br-for-wg-001: Discarded(Daita)
br-for-wg-002: Discarded(Daita)
br-sao-wg-201: Match
br-sao-wg-202: Discarded(Daita)
br-sao-wg-302: Discarded(Daita)
br-sao-wg-303: Discarded(Daita)
br-sao-wg-304: Discarded(Daita)
ca-mtr-wg-001: Discarded(Daita)
ca-mtr-wg-002: Discarded(Daita)
ca-mtr-wg-003: Discarded(Daita)
ca-mtr-wg-004: Discarded(Daita)
ca-mtr-wg-201: Match
ca-mtr-wg-202: Discarded(Daita)
ca-mtr-wg-301: Match
ca-mtr-wg-302: Discarded(Daita)
ca-mtr-wg-303: Discarded(Daita)
ca-mtr-wg-304: Discarded(Daita)
ca-mtr-wg-305: Discarded(Daita)
ca-mtr-wg-306: Discarded(Daita)
ca-mtr-wg-307: Discarded(Daita)
ca-mtr-wg-308: Discarded(Daita)
ca-tor-wg-001: Match
ca-tor-wg-002: Discarded(Daita)
ca-tor-wg-201: Discarded(Daita)
ca-tor-wg-202: Discarded(Daita Inactive)
ca-tor-wg-203: Discarded(Daita Inactive)
ca-tor-wg-204: Discarded(Daita Inactive)
ca-tor-wg-205: Discarded(Daita Inactive)
ca-tor-wg-206: Discarded(Daita Inactive)
ca-tor-wg-207: Discarded(Daita)
ca-van-wg-201: Discarded(Daita)
ca-van-wg-202: Discarded(Daita)
ca-van-wg-301: Match
ca-van-wg-302: Discarded(Daita)
ca-yyc-wg-201: Discarded(Daita)
ca-yyc-wg-202: Discarded(Daita)
ch-zrh-wg-001: Discarded(Daita)
ch-zrh-wg-002: Discarded(Daita)
ch-zrh-wg-003: Discarded(Daita)
ch-zrh-wg-004: Match
ch-zrh-wg-005: Match
ch-zrh-wg-006: Match
ch-zrh-wg-201: Discarded(Daita)
ch-zrh-wg-202: Discarded(Daita)
ch-zrh-wg-401: Match
ch-zrh-wg-402: Discarded(Daita)
ch-zrh-wg-403: Discarded(Daita)
ch-zrh-wg-404: Discarded(Daita)
ch-zrh-wg-501: Discarded(Daita)
ch-zrh-wg-502: Discarded(Daita)
ch-zrh-wg-503: Discarded(Daita)
ch-zrh-wg-504: Discarded(Daita)
ch-zrh-wg-505: Discarded(Daita)
ch-zrh-wg-506: Discarded(Daita)
ch-zrh-wg-507: Discarded(Daita)
cl-scl-wg-001: Discarded(Daita)
cl-scl-wg-002: Discarded(Daita)
co-bog-wg-001: Match
co-bog-wg-002: Discarded(Daita)
cy-nic-wg-001: Discarded(Daita)
cy-nic-wg-002: Discarded(Daita)
cz-prg-wg-101: Discarded(Daita)
cz-prg-wg-102: Discarded(Daita)
cz-prg-wg-201: Discarded(Daita)
cz-prg-wg-202: Discarded(Daita)
de-ber-wg-001: Discarded(Daita)
de-ber-wg-002: Discarded(Daita)
de-ber-wg-003: Discarded(Daita)
de-ber-wg-004: Discarded(Daita)
de-ber-wg-005: Discarded(Daita)
de-ber-wg-006: Discarded(Daita)
de-ber-wg-007: Discarded(Daita)
de-ber-wg-008: Discarded(Daita)
de-dus-wg-001: Discarded(Daita)
de-dus-wg-002: Discarded(Daita)
de-dus-wg-003: Discarded(Daita)
de-fra-wg-001: Discarded(Daita)
de-fra-wg-002: Discarded(Daita)
de-fra-wg-003: Discarded(Daita)
de-fra-wg-004: Match
de-fra-wg-005: Discarded(Daita)
de-fra-wg-006: Discarded(Daita)
de-fra-wg-007: Discarded(Daita)
de-fra-wg-008: Discarded(Daita)
de-fra-wg-009: Discarded(Daita)
de-fra-wg-101: Match
de-fra-wg-102: Match
de-fra-wg-103: Discarded(Daita)
de-fra-wg-104: Discarded(Daita)
de-fra-wg-301: Discarded(Daita)
de-fra-wg-302: Discarded(Daita)
de-fra-wg-303: Discarded(Daita)
de-fra-wg-304: Discarded(Daita Inactive)
de-fra-wg-401: Discarded(Daita)
de-fra-wg-402: Discarded(Daita)
de-fra-wg-403: Discarded(Daita)
dk-cph-wg-001: Discarded(Daita)
dk-cph-wg-002: Discarded(Daita)
dk-cph-wg-101: Match
dk-cph-wg-102: Discarded(Daita)
dk-cph-wg-103: Discarded(Daita)
dk-cph-wg-401: Discarded(Daita)
dk-cph-wg-402: Discarded(Daita)
ee-tll-wg-001: Discarded(Daita)
ee-tll-wg-002: Discarded(Daita)
ee-tll-wg-003: Discarded(Daita)
es-bcn-wg-001: Discarded(Daita)
es-bcn-wg-002: Discarded(Daita)
es-bcn-wg-101: Discarded(Daita)
es-bcn-wg-102: Discarded(Daita)
es-mad-wg-101: Discarded(Daita)
es-mad-wg-102: Discarded(Daita)
es-mad-wg-201: Discarded(Daita)
es-mad-wg-202: Discarded(Daita)
es-vlc-wg-001: Discarded(Daita)
es-vlc-wg-002: Discarded(Daita)
fi-hel-wg-001: Discarded(Daita)
fi-hel-wg-002: Discarded(Daita)
fi-hel-wg-003: Discarded(Daita)
fi-hel-wg-101: Discarded(Daita)
fi-hel-wg-102: Discarded(Daita)
fi-hel-wg-103: Discarded(Daita)
fi-hel-wg-104: Discarded(Daita)
fi-hel-wg-201: Discarded(Daita)
fi-hel-wg-202: Discarded(Daita)
fi-hel-wg-203: Discarded(Daita)
fr-bod-wg-001: Discarded(Daita)
fr-bod-wg-002: Discarded(Daita)
fr-mrs-wg-001: Match
fr-mrs-wg-002: Discarded(Daita)
fr-par-wg-001: Discarded(Daita)
fr-par-wg-002: Discarded(Daita)
fr-par-wg-003: Discarded(Daita)
fr-par-wg-004: Discarded(Daita)
fr-par-wg-005: Discarded(Daita)
fr-par-wg-006: Discarded(Daita)
fr-par-wg-007: Discarded(Daita)
fr-par-wg-101: Discarded(Daita)
fr-par-wg-102: Discarded(Daita)
fr-par-wg-301: Discarded(Daita)
fr-par-wg-302: Discarded(Daita)
gb-glw-wg-001: Discarded(Daita IncludeInCountry)
gb-glw-wg-002: Discarded(Daita IncludeInCountry)
gb-lon-wg-001: Discarded(Daita)
gb-lon-wg-002: Discarded(Daita)
gb-lon-wg-003: Discarded(Daita)
gb-lon-wg-004: Discarded(Daita)
gb-lon-wg-005: Discarded(Daita)
gb-lon-wg-006: Discarded(Daita)
gb-lon-wg-007: Discarded(Daita)
gb-lon-wg-008: Match
gb-lon-wg-201: Discarded(Daita)
gb-lon-wg-202: Discarded(Daita)
gb-lon-wg-203: Discarded(Daita)
gb-lon-wg-204: Discarded(Daita)
gb-lon-wg-301: Discarded(Daita)
gb-lon-wg-302: Discarded(Daita)
gb-lon-wg-304: Discarded(Daita)
gb-mnc-wg-001: Discarded(Daita IncludeInCountry)
gb-mnc-wg-002: Discarded(Daita IncludeInCountry)
gb-mnc-wg-003: Discarded(Daita IncludeInCountry)
gb-mnc-wg-004: Discarded(Daita IncludeInCountry)
gb-mnc-wg-005: Discarded(Daita IncludeInCountry)
gb-mnc-wg-006: Discarded(Daita IncludeInCountry)
gb-mnc-wg-007: Discarded(Daita IncludeInCountry)
gb-mnc-wg-008: Discarded(Daita)
gb-mnc-wg-009: Discarded(Daita)
gb-mnc-wg-201: Discarded(Daita IncludeInCountry)
gb-mnc-wg-202: Discarded(Daita IncludeInCountry)
gr-ath-wg-101: Discarded(Daita)
gr-ath-wg-102: Discarded(Daita)
hk-hkg-wg-201: Discarded(Daita)
hk-hkg-wg-202: Discarded(Daita Inactive)
hk-hkg-wg-301: Discarded(Daita)
hk-hkg-wg-302: Discarded(Daita)
hk-hkg-wg-303: Discarded(Daita)
hr-zag-wg-001: Discarded(Daita)
hr-zag-wg-002: Discarded(Daita)
hu-bud-wg-101: Discarded(Daita)
hu-bud-wg-102: Discarded(Daita)
hu-bud-wg-201: Discarded(Daita)
hu-bud-wg-202: Discarded(Daita)
id-jpu-wg-001: Discarded(Daita)
id-jpu-wg-002: Discarded(Daita)
ie-dub-wg-101: Match
ie-dub-wg-102: Discarded(Daita)
ie-dub-wg-103: Discarded(Daita)
il-tlv-wg-101: Discarded(Daita)
il-tlv-wg-102: Discarded(Daita)
il-tlv-wg-103: Discarded(Daita)
it-mil-wg-001: Discarded(Daita)
it-mil-wg-002: Discarded(Daita)
it-mil-wg-003: Discarded(Daita)
it-mil-wg-201: Discarded(Daita)
it-mil-wg-202: Discarded(Daita)
it-pmo-wg-001: Discarded(Daita)
it-pmo-wg-002: Discarded(Daita)
jp-osa-wg-001: Discarded(Daita)
jp-osa-wg-002: Discarded(Daita)
jp-osa-wg-003: Discarded(Daita)
jp-osa-wg-004: Discarded(Daita)
jp-tyo-wg-001: Match
jp-tyo-wg-002: Discarded(Daita)
jp-tyo-wg-201: Discarded(Daita)
jp-tyo-wg-202: Discarded(Daita)
jp-tyo-wg-203: Discarded(Daita)
mx-qro-wg-001: Match
mx-qro-wg-002: Discarded(Daita)
mx-qro-wg-003: Discarded(Daita)
mx-qro-wg-004: Discarded(Daita)
my-kul-wg-001: Discarded(Daita)
my-kul-wg-002: Discarded(Daita)
ng-los-wg-001: Discarded(Daita)
ng-los-wg-002: Discarded(Daita)
nl-ams-wg-001: Match
nl-ams-wg-002: Match
nl-ams-wg-003: Discarded(Daita)
nl-ams-wg-004: Discarded(Daita)
nl-ams-wg-005: Discarded(Daita)
nl-ams-wg-006: Discarded(Daita)
nl-ams-wg-007: Discarded(Daita)
nl-ams-wg-008: Discarded(Daita)
nl-ams-wg-101: Discarded(Daita)
nl-ams-wg-102: Discarded(Daita)
nl-ams-wg-103: Discarded(Daita)
nl-ams-wg-201: Match
nl-ams-wg-202: Discarded(Daita)
nl-ams-wg-203: Discarded(Daita)
no-osl-wg-001: Discarded(Daita)
no-osl-wg-002: Discarded(Daita)
no-osl-wg-003: Discarded(Daita)
no-osl-wg-101: Discarded(Daita)
no-osl-wg-102: Discarded(Daita)
no-osl-wg-103: Discarded(Daita)
no-svg-wg-001: Discarded(Daita)
no-svg-wg-002: Discarded(Daita)
no-svg-wg-003: Discarded(Daita)
no-svg-wg-004: Discarded(Daita)
nz-akl-wg-301: Discarded(Daita)
nz-akl-wg-302: Discarded(Daita)
nz-akl-wg-303: Discarded(Daita)
pe-lim-wg-001: Discarded(Daita)
pe-lim-wg-002: Discarded(Daita)
ph-mnl-wg-001: Discarded(Daita)
ph-mnl-wg-002: Discarded(Daita)
pl-waw-wg-101: Discarded(Daita)
pl-waw-wg-102: Discarded(Daita)
pl-waw-wg-103: Discarded(Daita)
pl-waw-wg-201: Discarded(Daita)
pl-waw-wg-202: Discarded(Daita)
pt-lis-wg-201: Discarded(Daita)
pt-lis-wg-202: Discarded(Daita)
pt-lis-wg-301: Discarded(Daita)
pt-lis-wg-302: Discarded(Daita)
ro-buh-wg-001: Discarded(Daita)
ro-buh-wg-002: Discarded(Daita)
rs-beg-wg-101: Discarded(Daita)
rs-beg-wg-102: Discarded(Daita)
se-got-wg-001: Discarded(Daita)
se-got-wg-002: Discarded(Daita)
se-got-wg-003: Discarded(Daita)
se-got-wg-004: Discarded(Daita)
se-got-wg-005: Discarded(Daita)
se-got-wg-006: Discarded(Daita)
se-got-wg-007: Discarded(Daita)
se-got-wg-008: Discarded(Daita)
se-got-wg-101: Discarded(Daita)
se-mma-wg-001: Discarded(Daita)
se-mma-wg-002: Discarded(Daita)
se-mma-wg-003: Discarded(Daita)
se-mma-wg-004: Discarded(Daita IncludeInCountry)
se-mma-wg-005: Discarded(Daita)
se-mma-wg-011: Discarded(Daita)
se-mma-wg-012: Discarded(Daita)
se-mma-wg-101: Discarded(Daita Inactive)
se-mma-wg-102: Discarded(Daita)
se-mma-wg-103: Discarded(Daita)
se-mma-wg-111: Match
se-mma-wg-112: Match
se-sto-wg-001: Discarded(Daita)
se-sto-wg-002: Discarded(Daita)
se-sto-wg-003: Discarded(Daita)
se-sto-wg-007: Discarded(Daita)
se-sto-wg-008: Discarded(Daita)
se-sto-wg-009: Discarded(IncludeInCountry)
se-sto-wg-010: Discarded(Daita)
se-sto-wg-011: Discarded(Daita)
se-sto-wg-012: Discarded(Daita)
se-sto-wg-013: Discarded(Daita)
se-sto-wg-201: Discarded(Daita)
se-sto-wg-202: Discarded(Daita)
se-sto-wg-203: Discarded(Daita)
se-sto-wg-204: Discarded(Daita)
se-sto-wg-205: Discarded(Daita)
se-sto-wg-206: Discarded(Daita)
se-sto-wg-207: Discarded(Daita)
se-sto-wg-208: Match
se-sto-wg-209: Match
sg-sin-wg-001: Match
sg-sin-wg-002: Discarded(Daita)
sg-sin-wg-003: Discarded(Daita)
sg-sin-wg-101: Discarded(Daita)
sg-sin-wg-102: Discarded(Daita)
si-lju-wg-001: Discarded(Daita)
si-lju-wg-002: Discarded(Daita)
sk-bts-wg-001: Discarded(Daita)
sk-bts-wg-002: Discarded(Daita)
th-bkk-wg-001: Discarded(Daita)
th-bkk-wg-002: Discarded(Daita)
tr-ist-wg-001: Discarded(Daita)
tr-ist-wg-002: Discarded(Daita)
ua-iev-wg-001: Discarded(Daita)
ua-iev-wg-002: Discarded(Daita)
us-atl-wg-001: Discarded(Daita IncludeInCountry)
us-atl-wg-002: Discarded(Daita IncludeInCountry)
us-atl-wg-301: Discarded(Daita)
us-atl-wg-302: Discarded(Daita)
us-atl-wg-303: Discarded(Daita)
us-atl-wg-304: Discarded(Daita)
us-atl-wg-305: Discarded(Daita)
us-atl-wg-306: Discarded(Daita)
us-atl-wg-401: Discarded(Daita)
us-atl-wg-402: Discarded(Daita)
us-atl-wg-403: Discarded(Daita)
us-atl-wg-404: Discarded(Daita)
us-atl-wg-405: Discarded(Daita)
us-atl-wg-406: Discarded(Daita)
us-atl-wg-407: Discarded(Daita)
us-atl-wg-408: Discarded(Daita)
us-bos-wg-001: Discarded(Daita)
us-bos-wg-002: Discarded(Daita Inactive)
us-bos-wg-101: Discarded(Daita)
us-bos-wg-102: Discarded(Daita)
us-chi-wg-201: Match
us-chi-wg-202: Discarded(Daita Inactive)
us-chi-wg-203: Discarded(Daita)
us-chi-wg-301: Discarded(Daita)
us-chi-wg-302: Match
us-chi-wg-303: Match
us-chi-wg-304: Discarded(Daita)
us-chi-wg-305: Discarded(Daita)
us-chi-wg-306: Discarded(Daita)
us-chi-wg-307: Discarded(Daita)
us-chi-wg-308: Discarded(Daita)
us-chi-wg-309: Discarded(Daita)
us-chi-wg-310: Discarded(Daita)
us-chi-wg-311: Discarded(Daita)
us-chi-wg-312: Discarded(Daita)
us-chi-wg-313: Discarded(Daita)
us-chi-wg-314: Discarded(Daita)
us-chi-wg-315: Match
us-chi-wg-316: Match
us-dal-wg-001: Discarded(Daita)
us-dal-wg-002: Discarded(Daita)
us-dal-wg-003: Discarded(Daita)
us-dal-wg-401: Discarded(Daita)
us-dal-wg-402: Discarded(Daita)
us-dal-wg-403: Discarded(Daita)
us-dal-wg-502: Discarded(Daita IncludeInCountry)
us-dal-wg-503: Discarded(Daita IncludeInCountry)
us-dal-wg-504: Discarded(Daita IncludeInCountry)
us-dal-wg-505: Discarded(Daita IncludeInCountry)
us-dal-wg-506: Discarded(Daita Inactive IncludeInCountry)
us-dal-wg-507: Discarded(Daita IncludeInCountry)
us-dal-wg-601: Discarded(Daita)
us-dal-wg-602: Discarded(Daita)
us-dal-wg-603: Discarded(Daita)
us-dal-wg-604: Discarded(Daita)
us-dal-wg-701: Discarded(Daita)
us-dal-wg-702: Discarded(Daita)
us-dal-wg-703: Discarded(Daita)
us-dal-wg-704: Discarded(Daita)
us-dal-wg-705: Discarded(Daita)
us-dal-wg-706: Discarded(Daita)
us-dal-wg-707: Discarded(Daita)
us-dal-wg-708: Discarded(Daita)
us-den-wg-101: Discarded(Daita)
us-den-wg-102: Discarded(Daita)
us-den-wg-103: Discarded(Daita)
us-den-wg-201: Discarded(Daita)
us-den-wg-202: Discarded(Daita)
us-den-wg-203: Discarded(Daita)
us-den-wg-204: Discarded(Daita)
us-den-wg-205: Discarded(Daita)
us-den-wg-206: Discarded(Daita)
us-den-wg-207: Discarded(Daita)
us-den-wg-208: Discarded(Daita)
us-det-wg-001: Discarded(Daita Inactive)
us-det-wg-002: Discarded(Daita Inactive)
us-hou-wg-001: Discarded(Daita)
us-hou-wg-002: Discarded(Daita)
us-hou-wg-003: Discarded(Daita)
us-hou-wg-004: Discarded(Daita)
us-lax-wg-001: Discarded(Daita)
us-lax-wg-002: Discarded(Daita)
us-lax-wg-003: Discarded(Daita)
us-lax-wg-004: Discarded(Daita Inactive)
us-lax-wg-005: Discarded(Daita Inactive)
us-lax-wg-006: Discarded(Daita Inactive)
us-lax-wg-007: Discarded(Daita Inactive)
us-lax-wg-008: Discarded(Daita)
us-lax-wg-101: Discarded(Daita Inactive IncludeInCountry)
us-lax-wg-102: Discarded(Daita Inactive IncludeInCountry)
us-lax-wg-103: Discarded(Daita Inactive IncludeInCountry)
us-lax-wg-201: Discarded(Daita IncludeInCountry)
us-lax-wg-202: Discarded(Daita IncludeInCountry)
us-lax-wg-203: Match
us-lax-wg-402: Discarded(Daita IncludeInCountry)
us-lax-wg-403: Discarded(Daita IncludeInCountry)
us-lax-wg-404: Discarded(Daita IncludeInCountry)
us-lax-wg-405: Discarded(Daita IncludeInCountry)
us-lax-wg-406: Discarded(Daita IncludeInCountry)
us-lax-wg-407: Discarded(Daita)
us-lax-wg-408: Discarded(Daita)
us-lax-wg-409: Discarded(Daita)
us-lax-wg-601: Discarded(Daita)
us-lax-wg-602: Discarded(Daita)
us-lax-wg-603: Discarded(Daita)
us-lax-wg-604: Discarded(Daita)
us-lax-wg-605: Discarded(Daita)
us-lax-wg-606: Discarded(Daita)
us-lax-wg-607: Discarded(Daita)
us-lax-wg-608: Discarded(Daita)
us-lax-wg-701: Discarded(Daita)
us-lax-wg-702: Discarded(Daita)
us-lax-wg-703: Discarded(Daita)
us-lax-wg-704: Discarded(Daita)
us-mia-wg-001: Discarded(Daita)
us-mia-wg-002: Discarded(Daita)
us-mia-wg-003: Discarded(Daita)
us-mia-wg-101: Discarded(Daita)
us-mia-wg-102: Discarded(Daita)
us-mia-wg-103: Discarded(Daita)
us-mkc-wg-001: Discarded(Daita)
us-mkc-wg-002: Discarded(Daita)
us-mkc-wg-003: Discarded(Daita)
us-mkc-wg-004: Discarded(Daita)
us-mkc-wg-005: Discarded(Daita)
us-mkc-wg-006: Discarded(Daita)
us-mkc-wg-007: Discarded(Daita)
us-mkc-wg-008: Discarded(Daita)
us-mkc-wg-101: Discarded(Daita)
us-mkc-wg-102: Discarded(Daita)
us-mkc-wg-103: Discarded(Daita)
us-mkc-wg-104: Discarded(Daita)
us-mkc-wg-105: Discarded(Daita)
us-nyc-wg-301: Discarded(Daita)
us-nyc-wg-302: Discarded(Daita)
us-nyc-wg-303: Discarded(Daita)
us-nyc-wg-501: Discarded(Daita)
us-nyc-wg-502: Discarded(Daita)
us-nyc-wg-503: Discarded(Daita Inactive)
us-nyc-wg-504: Discarded(Daita)
us-nyc-wg-505: Discarded(Daita)
us-nyc-wg-506: Discarded(Daita)
us-nyc-wg-601: Discarded(Daita)
us-nyc-wg-602: Discarded(Daita)
us-nyc-wg-603: Discarded(Daita)
us-nyc-wg-604: Discarded(Daita)
us-nyc-wg-605: Discarded(Daita)
us-nyc-wg-606: Discarded(Daita)
us-nyc-wg-701: Match
us-nyc-wg-702: Discarded(Daita)
us-nyc-wg-703: Discarded(Daita)
us-nyc-wg-801: Discarded(Inactive)
us-nyc-wg-802: Discarded(Inactive)
us-nyc-wg-803: Discarded(Inactive)
us-nyc-wg-804: Discarded(Daita Inactive)
us-nyc-wg-805: Discarded(Daita)
us-nyc-wg-806: Discarded(Daita)
us-nyc-wg-807: Discarded(Daita)
us-nyc-wg-808: Discarded(Daita)
us-phx-wg-201: Discarded(Daita)
us-phx-wg-202: Discarded(Daita)
us-phx-wg-203: Discarded(Daita)
us-phx-wg-204: Discarded(Daita)
us-phx-wg-205: Discarded(Daita)
us-phx-wg-206: Discarded(Daita)
us-phx-wg-207: Discarded(Daita)
us-phx-wg-208: Discarded(Daita)
us-qas-wg-001: Discarded(Daita Inactive)
us-qas-wg-002: Discarded(Daita Inactive IncludeInCountry)
us-qas-wg-003: Discarded(Daita Inactive IncludeInCountry)
us-qas-wg-004: Discarded(Daita Inactive IncludeInCountry)
us-qas-wg-101: Discarded(Daita)
us-qas-wg-102: Discarded(Daita)
us-qas-wg-103: Discarded(Daita)
us-qas-wg-201: Discarded(Daita)
us-qas-wg-202: Discarded(Daita Inactive)
us-qas-wg-203: Discarded(Daita)
us-qas-wg-204: Discarded(Daita)
us-qas-wg-301: Discarded(Daita)
us-qas-wg-302: Discarded(Daita)
us-qas-wg-303: Discarded(Daita)
us-qas-wg-304: Discarded(Daita)
us-qas-wg-305: Discarded(Daita)
us-qas-wg-306: Discarded(Daita)
us-qas-wg-307: Discarded(Daita)
us-qas-wg-308: Discarded(Daita)
us-rag-wg-201: Discarded(Daita)
us-rag-wg-202: Discarded(Daita)
us-rag-wg-203: Discarded(Daita)
us-rag-wg-204: Discarded(Daita)
us-rag-wg-205: Discarded(Daita)
us-rag-wg-206: Discarded(Daita)
us-rag-wg-207: Discarded(Daita)
us-rag-wg-208: Discarded(Daita)
us-sea-wg-001: Discarded(Daita)
us-sea-wg-002: Discarded(Daita)
us-sea-wg-003: Discarded(Daita)
us-sea-wg-401: Discarded(Daita)
us-sea-wg-402: Discarded(Daita)
us-sea-wg-403: Discarded(Daita)
us-sea-wg-404: Discarded(Daita)
us-sea-wg-405: Discarded(Daita)
us-sea-wg-406: Discarded(Daita)
us-sea-wg-407: Match
us-sea-wg-408: Match
us-sjc-wg-302: Discarded(Daita)
us-sjc-wg-303: Discarded(Daita)
us-sjc-wg-401: Discarded(Daita)
us-sjc-wg-402: Discarded(Daita)
us-sjc-wg-501: Discarded(Daita)
us-sjc-wg-502: Discarded(Daita)
us-sjc-wg-503: Discarded(Daita)
us-sjc-wg-504: Discarded(Daita)
us-sjc-wg-505: Discarded(Daita)
us-sjc-wg-506: Discarded(Daita)
us-sjc-wg-507: Discarded(Daita)
us-sjc-wg-508: Discarded(Daita)
us-slc-wg-201: Discarded(Daita)
us-slc-wg-202: Discarded(Daita)
us-slc-wg-203: Discarded(Daita)
us-slc-wg-204: Discarded(Daita)
us-slc-wg-301: Discarded(Daita)
us-slc-wg-302: Discarded(Daita)
us-slc-wg-303: Discarded(Daita)
us-slc-wg-304: Discarded(Daita)
us-slc-wg-305: Discarded(Daita)
us-slc-wg-306: Discarded(Daita)
us-slc-wg-307: Discarded(Daita)
us-slc-wg-308: Discarded(Daita)
us-txc-wg-001: Discarded(Daita)
us-txc-wg-002: Discarded(Daita)
us-uyk-wg-201: Discarded(Daita)
us-uyk-wg-202: Discarded(Daita)
us-was-wg-001: Discarded(Daita)
us-was-wg-002: Discarded(Daita)
za-jnb-wg-001: Discarded(Daita)
za-jnb-wg-002: Discarded(Daita)
